<?xml version="1.0" encoding="UTF-8"?>
<testsuites>
  <testsuite name="/Users/andrevanzuydam/IdeaProjects/tina4php-orm/tests" tests="2" assertions="5" errors="0" warnings="0" failures="0" skipped="0" time="0.628557">
    <testsuite name="ORMTest" file="/Users/andrevanzuydam/IdeaProjects/tina4php-orm/tests/ORMTest.php" tests="2" assertions="5" errors="0" warnings="0" failures="0" skipped="0" time="0.628557">
      <testcase name="testClassExists" class="ORMTest" classname="ORMTest" file="/Users/andrevanzuydam/IdeaProjects/tina4php-orm/tests/ORMTest.php" line="23" assertions="1" time="0.319286"/>
      <testcase name="testPerson" class="ORMTest" classname="ORMTest" file="/Users/andrevanzuydam/IdeaProjects/tina4php-orm/tests/ORMTest.php" line="28" assertions="4" time="0.309272"/>
    </testsuite>
  </testsuite>
</testsuites>
